
Discarded input sections

 .reginfo       0x0000000000000000       0x18 f:/programs/imagination technologies/toolchains/mips-mti-elf/2015.06-05/bin/../lib/gcc/mips-mti-elf/4.9.2/el/sof/crti.o
 .MIPS.abiflags
                0x0000000000000000       0x18 f:/programs/imagination technologies/toolchains/mips-mti-elf/2015.06-05/bin/../lib/gcc/mips-mti-elf/4.9.2/el/sof/crti.o
 .reginfo       0x0000000000000000       0x18 f:/programs/imagination technologies/toolchains/mips-mti-elf/2015.06-05/bin/../lib/gcc/mips-mti-elf/4.9.2/el/sof/crtbegin.o
 .MIPS.abiflags
                0x0000000000000000       0x18 f:/programs/imagination technologies/toolchains/mips-mti-elf/2015.06-05/bin/../lib/gcc/mips-mti-elf/4.9.2/el/sof/crtbegin.o
 .reginfo       0x0000000000000000       0x18 C:\Users\kingi\AppData\Local\Temp\cc5WRksF.o
 .MIPS.abiflags
                0x0000000000000000       0x18 C:\Users\kingi\AppData\Local\Temp\cc5WRksF.o
 .reginfo       0x0000000000000000       0x18 C:\Users\kingi\AppData\Local\Temp\ccRF3aVH.o
 .MIPS.abiflags
                0x0000000000000000       0x18 C:\Users\kingi\AppData\Local\Temp\ccRF3aVH.o
 .reginfo       0x0000000000000000       0x18 f:/programs/imagination technologies/toolchains/mips-mti-elf/2015.06-05/bin/../lib/gcc/mips-mti-elf/4.9.2/el/sof/crtend.o
 .MIPS.abiflags
                0x0000000000000000       0x18 f:/programs/imagination technologies/toolchains/mips-mti-elf/2015.06-05/bin/../lib/gcc/mips-mti-elf/4.9.2/el/sof/crtend.o
 .reginfo       0x0000000000000000       0x18 f:/programs/imagination technologies/toolchains/mips-mti-elf/2015.06-05/bin/../lib/gcc/mips-mti-elf/4.9.2/el/sof/crtn.o
 .MIPS.abiflags
                0x0000000000000000       0x18 f:/programs/imagination technologies/toolchains/mips-mti-elf/2015.06-05/bin/../lib/gcc/mips-mti-elf/4.9.2/el/sof/crtn.o

Memory Configuration

Name             Origin             Length             Attributes
*default*        0x0000000000000000 0xffffffffffffffff

Linker script and memory map

LOAD f:/programs/imagination technologies/toolchains/mips-mti-elf/2015.06-05/bin/../lib/gcc/mips-mti-elf/4.9.2/el/sof/crti.o
LOAD f:/programs/imagination technologies/toolchains/mips-mti-elf/2015.06-05/bin/../lib/gcc/mips-mti-elf/4.9.2/el/sof/crtbegin.o
                0x00000000bfc00000                __flash_start = 0xbfc00000
                0x0000000080000000                __flash_app_start = 0x80000000
                0x0000000080000000                __app_start = 0x80000000
                0x0000000080040000                __stack = 0x80040000
                0x000000000001f800                __memory_size = 0x1f800
LOAD C:\Users\kingi\AppData\Local\Temp\cc5WRksF.o
LOAD C:\Users\kingi\AppData\Local\Temp\ccRF3aVH.o
LOAD f:/programs/imagination technologies/toolchains/mips-mti-elf/2015.06-05/bin/../lib/gcc/mips-mti-elf/4.9.2/el/sof\libgcc.a
LOAD f:/programs/imagination technologies/toolchains/mips-mti-elf/2015.06-05/bin/../lib/gcc/mips-mti-elf/4.9.2/el/sof\libgcc.a
LOAD f:/programs/imagination technologies/toolchains/mips-mti-elf/2015.06-05/bin/../lib/gcc/mips-mti-elf/4.9.2/el/sof/crtend.o
LOAD f:/programs/imagination technologies/toolchains/mips-mti-elf/2015.06-05/bin/../lib/gcc/mips-mti-elf/4.9.2/el/sof/crtn.o
                0x00000000bfc00000                hwreset = 0xbfc00000

.reset          0x000000009fc00000      0x280
                0x000000009fc00000                _ftext_init = ABSOLUTE (.)
 *(.reset)
 .reset         0x000000009fc00000      0x27c C:\Users\kingi\AppData\Local\Temp\cc5WRksF.o
                0x000000009fc00000                start
 *(.boot)
                0x000000009fc00280                . = ALIGN (0x8)
 *fill*         0x000000009fc0027c        0x4 00000000
                0x000000009fc00280                _etext_init = ABSOLUTE (.)

.pdr            0x0000000000000000       0x20
 .pdr           0x0000000000000000        0x0 f:/programs/imagination technologies/toolchains/mips-mti-elf/2015.06-05/bin/../lib/gcc/mips-mti-elf/4.9.2/el/sof/crti.o
 .pdr           0x0000000000000000        0x0 f:/programs/imagination technologies/toolchains/mips-mti-elf/2015.06-05/bin/../lib/gcc/mips-mti-elf/4.9.2/el/sof/crtbegin.o
 .pdr           0x0000000000000000        0x0 C:\Users\kingi\AppData\Local\Temp\cc5WRksF.o
 .pdr           0x0000000000000000       0x20 C:\Users\kingi\AppData\Local\Temp\ccRF3aVH.o
 .pdr           0x0000000000000020        0x0 f:/programs/imagination technologies/toolchains/mips-mti-elf/2015.06-05/bin/../lib/gcc/mips-mti-elf/4.9.2/el/sof/crtend.o
 .pdr           0x0000000000000020        0x0 f:/programs/imagination technologies/toolchains/mips-mti-elf/2015.06-05/bin/../lib/gcc/mips-mti-elf/4.9.2/el/sof/crtn.o

.gnu.attributes
                0x0000000000000000       0x10
 .gnu.attributes
                0x0000000000000000       0x10 f:/programs/imagination technologies/toolchains/mips-mti-elf/2015.06-05/bin/../lib/gcc/mips-mti-elf/4.9.2/el/sof/crti.o
 .gnu.attributes
                0x0000000000000010       0x10 f:/programs/imagination technologies/toolchains/mips-mti-elf/2015.06-05/bin/../lib/gcc/mips-mti-elf/4.9.2/el/sof/crtbegin.o
 .gnu.attributes
                0x0000000000000020       0x10 C:\Users\kingi\AppData\Local\Temp\cc5WRksF.o
 .gnu.attributes
                0x0000000000000030       0x10 C:\Users\kingi\AppData\Local\Temp\ccRF3aVH.o
 .gnu.attributes
                0x0000000000000040       0x10 f:/programs/imagination technologies/toolchains/mips-mti-elf/2015.06-05/bin/../lib/gcc/mips-mti-elf/4.9.2/el/sof/crtend.o
 .gnu.attributes
                0x0000000000000050       0x10 f:/programs/imagination technologies/toolchains/mips-mti-elf/2015.06-05/bin/../lib/gcc/mips-mti-elf/4.9.2/el/sof/crtn.o

.mdebug.abi32   0x0000000000000000        0x0
 .mdebug.abi32  0x0000000000000000        0x0 f:/programs/imagination technologies/toolchains/mips-mti-elf/2015.06-05/bin/../lib/gcc/mips-mti-elf/4.9.2/el/sof/crtbegin.o
 .mdebug.abi32  0x0000000000000000        0x0 C:\Users\kingi\AppData\Local\Temp\ccRF3aVH.o
 .mdebug.abi32  0x0000000000000000        0x0 f:/programs/imagination technologies/toolchains/mips-mti-elf/2015.06-05/bin/../lib/gcc/mips-mti-elf/4.9.2/el/sof/crtend.o

.comment        0x0000000000000000       0x44
 .comment       0x0000000000000000       0x44 f:/programs/imagination technologies/toolchains/mips-mti-elf/2015.06-05/bin/../lib/gcc/mips-mti-elf/4.9.2/el/sof/crtbegin.o
                                         0x45 (size before relaxing)
 .comment       0x0000000000000044       0x45 C:\Users\kingi\AppData\Local\Temp\ccRF3aVH.o
 .comment       0x0000000000000044       0x45 f:/programs/imagination technologies/toolchains/mips-mti-elf/2015.06-05/bin/../lib/gcc/mips-mti-elf/4.9.2/el/sof/crtend.o

.text_ram       0x0000000080001000      0x2a0
                0x0000000080001000                _ftext_ram = ABSOLUTE (.)
 *(.text)
 .text          0x0000000080001000        0x0 f:/programs/imagination technologies/toolchains/mips-mti-elf/2015.06-05/bin/../lib/gcc/mips-mti-elf/4.9.2/el/sof/crti.o
 .text          0x0000000080001000      0x1a4 f:/programs/imagination technologies/toolchains/mips-mti-elf/2015.06-05/bin/../lib/gcc/mips-mti-elf/4.9.2/el/sof/crtbegin.o
 .text          0x00000000800011a4        0x0 C:\Users\kingi\AppData\Local\Temp\cc5WRksF.o
 .text          0x00000000800011a4        0x0 C:\Users\kingi\AppData\Local\Temp\ccRF3aVH.o
 .text          0x00000000800011a4       0x48 f:/programs/imagination technologies/toolchains/mips-mti-elf/2015.06-05/bin/../lib/gcc/mips-mti-elf/4.9.2/el/sof/crtend.o
 .text          0x00000000800011ec        0x0 f:/programs/imagination technologies/toolchains/mips-mti-elf/2015.06-05/bin/../lib/gcc/mips-mti-elf/4.9.2/el/sof/crtn.o
 *(.text.*)
 .text.startup  0x00000000800011ec       0xb0 C:\Users\kingi\AppData\Local\Temp\ccRF3aVH.o
                0x00000000800011ec                main
 *(.rodata)
 *(.rodata.*)
                0x00000000800012a0                . = ALIGN (0x8)
 *fill*         0x000000008000129c        0x4 00000000
                0x00000000800012a0                _etext_ram = ABSOLUTE (.)

.init           0x00000000800012a0       0x24
 .init          0x00000000800012a0        0x8 f:/programs/imagination technologies/toolchains/mips-mti-elf/2015.06-05/bin/../lib/gcc/mips-mti-elf/4.9.2/el/sof/crti.o
                0x00000000800012a0                _init
 .init          0x00000000800012a8        0x8 f:/programs/imagination technologies/toolchains/mips-mti-elf/2015.06-05/bin/../lib/gcc/mips-mti-elf/4.9.2/el/sof/crtbegin.o
 .init          0x00000000800012b0        0x8 f:/programs/imagination technologies/toolchains/mips-mti-elf/2015.06-05/bin/../lib/gcc/mips-mti-elf/4.9.2/el/sof/crtend.o
 .init          0x00000000800012b8        0xc f:/programs/imagination technologies/toolchains/mips-mti-elf/2015.06-05/bin/../lib/gcc/mips-mti-elf/4.9.2/el/sof/crtn.o

.fini           0x00000000800012c4       0x1c
 .fini          0x00000000800012c4        0x8 f:/programs/imagination technologies/toolchains/mips-mti-elf/2015.06-05/bin/../lib/gcc/mips-mti-elf/4.9.2/el/sof/crti.o
                0x00000000800012c4                _fini
 .fini          0x00000000800012cc        0x8 f:/programs/imagination technologies/toolchains/mips-mti-elf/2015.06-05/bin/../lib/gcc/mips-mti-elf/4.9.2/el/sof/crtbegin.o
 .fini          0x00000000800012d4        0xc f:/programs/imagination technologies/toolchains/mips-mti-elf/2015.06-05/bin/../lib/gcc/mips-mti-elf/4.9.2/el/sof/crtn.o

.eh_frame       0x00000000800012e0        0x4
 .eh_frame      0x00000000800012e0        0x0 f:/programs/imagination technologies/toolchains/mips-mti-elf/2015.06-05/bin/../lib/gcc/mips-mti-elf/4.9.2/el/sof/crtbegin.o
 .eh_frame      0x00000000800012e0        0x4 f:/programs/imagination technologies/toolchains/mips-mti-elf/2015.06-05/bin/../lib/gcc/mips-mti-elf/4.9.2/el/sof/crtend.o

.data           0x00000000800012e4        0xc
                0x00000000800012e4                _fdata_ram = ABSOLUTE (.)
 *(.data)
 .data          0x00000000800012e4        0x0 f:/programs/imagination technologies/toolchains/mips-mti-elf/2015.06-05/bin/../lib/gcc/mips-mti-elf/4.9.2/el/sof/crti.o
 .data          0x00000000800012e4        0x0 f:/programs/imagination technologies/toolchains/mips-mti-elf/2015.06-05/bin/../lib/gcc/mips-mti-elf/4.9.2/el/sof/crtbegin.o
 .data          0x00000000800012e4        0x0 C:\Users\kingi\AppData\Local\Temp\cc5WRksF.o
 .data          0x00000000800012e4        0x0 C:\Users\kingi\AppData\Local\Temp\ccRF3aVH.o
 .data          0x00000000800012e4        0x0 f:/programs/imagination technologies/toolchains/mips-mti-elf/2015.06-05/bin/../lib/gcc/mips-mti-elf/4.9.2/el/sof/crtend.o
 .data          0x00000000800012e4        0x0 f:/programs/imagination technologies/toolchains/mips-mti-elf/2015.06-05/bin/../lib/gcc/mips-mti-elf/4.9.2/el/sof/crtn.o
                0x00000000800012e8                . = ALIGN (0x8)
 *fill*         0x00000000800012e4        0x4 
                0x00000000800092e8                _gp = ABSOLUTE ((. + 0x8000))
 *(.lit8)
 *(.lit4)
 *(.sdata)
 .sdata         0x00000000800012e8        0x4 f:/programs/imagination technologies/toolchains/mips-mti-elf/2015.06-05/bin/../lib/gcc/mips-mti-elf/4.9.2/el/sof/crtbegin.o
                0x00000000800012e8                __dso_handle
                0x00000000800012f0                . = ALIGN (0x8)
 *fill*         0x00000000800012ec        0x4 
                0x00000000800012f0                _edata_ram = ABSOLUTE (.)
                0x00000000800012f0                _fbss = .

.ctors          0x00000000800012f0        0x8
 .ctors         0x00000000800012f0        0x4 f:/programs/imagination technologies/toolchains/mips-mti-elf/2015.06-05/bin/../lib/gcc/mips-mti-elf/4.9.2/el/sof/crtbegin.o
 .ctors         0x00000000800012f4        0x4 f:/programs/imagination technologies/toolchains/mips-mti-elf/2015.06-05/bin/../lib/gcc/mips-mti-elf/4.9.2/el/sof/crtend.o

.dtors          0x00000000800012f8        0x8
 .dtors         0x00000000800012f8        0x4 f:/programs/imagination technologies/toolchains/mips-mti-elf/2015.06-05/bin/../lib/gcc/mips-mti-elf/4.9.2/el/sof/crtbegin.o
 .dtors         0x00000000800012fc        0x4 f:/programs/imagination technologies/toolchains/mips-mti-elf/2015.06-05/bin/../lib/gcc/mips-mti-elf/4.9.2/el/sof/crtend.o
                0x00000000800012fc                __DTOR_END__

.jcr            0x0000000080001300        0x4
 .jcr           0x0000000080001300        0x0 f:/programs/imagination technologies/toolchains/mips-mti-elf/2015.06-05/bin/../lib/gcc/mips-mti-elf/4.9.2/el/sof/crtbegin.o
 .jcr           0x0000000080001300        0x4 f:/programs/imagination technologies/toolchains/mips-mti-elf/2015.06-05/bin/../lib/gcc/mips-mti-elf/4.9.2/el/sof/crtend.o

.tm_clone_table
                0x0000000080001304        0x0
 .tm_clone_table
                0x0000000080001304        0x0 f:/programs/imagination technologies/toolchains/mips-mti-elf/2015.06-05/bin/../lib/gcc/mips-mti-elf/4.9.2/el/sof/crtbegin.o
 .tm_clone_table
                0x0000000080001304        0x0 f:/programs/imagination technologies/toolchains/mips-mti-elf/2015.06-05/bin/../lib/gcc/mips-mti-elf/4.9.2/el/sof/crtend.o

.sbss
 *(.sbss)
 *(.scommon)

.bss            0x0000000080001304       0x20
 *(.bss)
 .bss           0x0000000080001304        0x0 f:/programs/imagination technologies/toolchains/mips-mti-elf/2015.06-05/bin/../lib/gcc/mips-mti-elf/4.9.2/el/sof/crti.o
 .bss           0x0000000080001304       0x20 f:/programs/imagination technologies/toolchains/mips-mti-elf/2015.06-05/bin/../lib/gcc/mips-mti-elf/4.9.2/el/sof/crtbegin.o
 .bss           0x0000000080001324        0x0 C:\Users\kingi\AppData\Local\Temp\cc5WRksF.o
 .bss           0x0000000080001324        0x0 C:\Users\kingi\AppData\Local\Temp\ccRF3aVH.o
 .bss           0x0000000080001324        0x0 f:/programs/imagination technologies/toolchains/mips-mti-elf/2015.06-05/bin/../lib/gcc/mips-mti-elf/4.9.2/el/sof/crtend.o
 .bss           0x0000000080001324        0x0 f:/programs/imagination technologies/toolchains/mips-mti-elf/2015.06-05/bin/../lib/gcc/mips-mti-elf/4.9.2/el/sof/crtn.o
 *(COMMON)
                0x0000000080001324                _end = .

.gptab.sdata
 *(.gptab.data)
 *(.gptab.sdata)

.gptab.sbss
 *(.gptab.bss)
 *(.gptab.sbss)

/DISCARD/
 *(.reginfo)
 *(.MIPS.abiflags)
                0x0000000080001324                _freemem = .
OUTPUT(program.elf elf32-tradlittlemips)
